== Apply deterministic migration ==
Web stack alignment files prepared.
== Resolve upgraded workspace ==
Scope: all 8 workspace projects
? Verifying lockfile against supply-chain policies (579 entries)...
Progress: resolved 1, reused 0, downloaded 0, added 0
Progress: resolved 39, reused 0, downloaded 30, added 0
Progress: resolved 44, reused 0, downloaded 43, added 0
Progress: resolved 49, reused 0, downloaded 49, added 0
Progress: resolved 50, reused 0, downloaded 50, added 0
Progress: resolved 51, reused 0, downloaded 50, added 0
✓ Lockfile passes supply-chain policies (579 entries in 6.9s)
Progress: resolved 52, reused 0, downloaded 50, added 0
Progress: resolved 130, reused 0, downloaded 66, added 0
Progress: resolved 212, reused 0, downloaded 183, added 0
Progress: resolved 223, reused 0, downloaded 198, added 0
Progress: resolved 310, reused 0, downloaded 233, added 0
Progress: resolved 356, reused 0, downloaded 270, added 0
Progress: resolved 411, reused 0, downloaded 353, added 0
Progress: resolved 494, reused 0, downloaded 369, added 0
Progress: resolved 590, reused 0, downloaded 519, added 0
Packages: +529
++++++++++++++++++++++++++++++++++++++++++++++++++++++++++++++++++++++++++++++++
Progress: resolved 592, reused 0, downloaded 530, added 529, done
.../node_modules/@prisma/engines postinstall$ node scripts/postinstall.js
.../sharp@0.34.5/node_modules/sharp install$ node install/check.js || npm run build
.../sharp@0.34.5/node_modules/sharp install: Done
.../node_modules/@prisma/engines postinstall: Done
.../prisma@5.10.2/node_modules/prisma preinstall$ node scripts/preinstall-entry.js
.../prisma@5.10.2/node_modules/prisma preinstall: Done
.../node_modules/@vercel/speed-insights postinstall$ node scripts/postinstall.mjs
.../node_modules/@prisma/client postinstall$ node scripts/postinstall.js
.../node_modules/@vercel/speed-insights postinstall: Done
.../node_modules/@prisma/client postinstall: Prisma schema loaded from apps/web/prisma/schema.prisma
.../node_modules/@prisma/client postinstall: ✔ Generated Prisma Client (v5.10.2) to ./node_modules/.pnpm/@prisma+client@5.10.2_prisma@5.10.2/node_modules/@prisma/client in 63ms
.../node_modules/@prisma/client postinstall: Start using Prisma Client in Node.js (See: https://pris.ly/d/client)
.../node_modules/@prisma/client postinstall: ```
.../node_modules/@prisma/client postinstall: import { PrismaClient } from '@prisma/client'
.../node_modules/@prisma/client postinstall: const prisma = new PrismaClient()
.../node_modules/@prisma/client postinstall: ```
.../node_modules/@prisma/client postinstall: or start using Prisma Client at the edge (See: https://pris.ly/d/accelerate)
.../node_modules/@prisma/client postinstall: ```
.../node_modules/@prisma/client postinstall: import { PrismaClient } from '@prisma/client/edge'
.../node_modules/@prisma/client postinstall: const prisma = new PrismaClient()
.../node_modules/@prisma/client postinstall: ```
.../node_modules/@prisma/client postinstall: See other ways of importing Prisma Client: http://pris.ly/d/importing-client
.../node_modules/@prisma/client postinstall: ┌─────────────────────────────────────────────────────────────┐
.../node_modules/@prisma/client postinstall: │  Deploying your app to serverless or edge functions?        │
.../node_modules/@prisma/client postinstall: │  Try Prisma Accelerate for connection pooling and caching.  │
.../node_modules/@prisma/client postinstall: │  https://pris.ly/cli/accelerate                             │
.../node_modules/@prisma/client postinstall: └─────────────────────────────────────────────────────────────┘
.../node_modules/@prisma/client postinstall: Done
. prepare$ husky
. prepare: HUSKY=0 skip install
. prepare: Done
apps/web postinstall$ prisma generate
apps/web postinstall: Prisma schema loaded from prisma/schema.prisma
apps/web postinstall: ✔ Generated Prisma Client (v5.10.2) to ./../../node_modules/.pnpm/@prisma+client@5.10.2_prisma@5.10.2/node_modules/@prisma/client in 62ms
apps/web postinstall: Start using Prisma Client in Node.js (See: https://pris.ly/d/client)
apps/web postinstall: ```
apps/web postinstall: import { PrismaClient } from '@prisma/client'
apps/web postinstall: const prisma = new PrismaClient()
apps/web postinstall: ```
apps/web postinstall: or start using Prisma Client at the edge (See: https://pris.ly/d/accelerate)
apps/web postinstall: ```
apps/web postinstall: import { PrismaClient } from '@prisma/client/edge'
apps/web postinstall: const prisma = new PrismaClient()
apps/web postinstall: ```
apps/web postinstall: See other ways of importing Prisma Client: http://pris.ly/d/importing-client
apps/web postinstall: ┌─────────────────────────────────────────────────────────────┐
apps/web postinstall: │  Deploying your app to serverless or edge functions?        │
apps/web postinstall: │  Try Prisma Accelerate for connection pooling and caching.  │
apps/web postinstall: │  https://pris.ly/cli/accelerate                             │
apps/web postinstall: └─────────────────────────────────────────────────────────────┘
apps/web postinstall: Done

devDependencies:
+ @biomejs/biome 2.5.6
+ husky 9.1.7
+ lint-staged 16.4.0 (17.3.0 is available)
+ turbo 2.10.8
+ typescript 5.9.3 (7.0.2 is available)

Done in 20.5s using pnpm v11.7.0
== Generate Prisma Client ==
$ pnpm --filter @spht/web prisma:generate
$ prisma generate
Prisma schema loaded from prisma/schema.prisma

✔ Generated Prisma Client (v5.10.2) to ./../../node_modules/.pnpm/@prisma+client@5.10.2_prisma@5.10.2/node_modules/@prisma/client in 64ms

Start using Prisma Client in Node.js (See: https://pris.ly/d/client)
```
import { PrismaClient } from '@prisma/client'
const prisma = new PrismaClient()
```
or start using Prisma Client at the edge (See: https://pris.ly/d/accelerate)
```
import { PrismaClient } from '@prisma/client/edge'
const prisma = new PrismaClient()
```

See other ways of importing Prisma Client: http://pris.ly/d/importing-client

┌─────────────────────────────────────────────────────────────┐
│  Deploying your app to serverless or edge functions?        │
│  Try Prisma Accelerate for connection pooling and caching.  │
│  https://pris.ly/cli/accelerate                             │
└─────────────────────────────────────────────────────────────┘

┌─────────────────────────────────────────────────────────┐
│  Update available 5.10.2 -> 7.9.1                       │
│                                                         │
│  This is a major update - please follow the guide at    │
│  https://pris.ly/d/major-version-upgrade                │
│                                                         │
│  Run the following to update                            │
│    npm i --save-dev prisma@latest                       │
│    npm i @prisma/client@latest                          │
└─────────────────────────────────────────────────────────┘
== Apply safe Biome fixes ==
$ biome check --write .
apps/web/app/(auth)/login/page.tsx:23:5 lint/complexity/noUselessFragments  FIXABLE  ━━━━━━━━━━━━━━━

  i This fragment is unnecessary.
  
    22 │   return (
  > 23 │     <>
       │     ^^
  > 24 │       <div className="container flex h-screen w-screen flex-col items-center justify-center">
        ...
  > 49 │       </div>
  > 50 │     </>
       │     ^^^
    51 │   );
    52 │ }
  
  i A fragment is redundant if it contains only one child, or if it is the child of a html element, and is not a keyed fragment.
  
  i Unsafe fix: Remove the Fragment
  
    21 21 │   
    22 22 │     return (
    23    │ - ····<>
    24    │ - ······<div·className="container·flex·h-screen·w-screen·flex-col·items-center·justify-center">
       23 │ + ····<div·className="container·flex·h-screen·w-screen·flex-col·items-center·justify-center">
    25 24 │           <Link
    26 25 │             href="/#"
    ····· │ 
    47 46 │             </p>
    48 47 │           </div>
    49    │ - ······</div>
    50    │ - ····</>
       48 │ + ······</div>
    51 49 │     );
    52 50 │   }
  

apps/web/app/(auth)/login/page.tsx:29:11 lint/complexity/noUselessFragments  FIXABLE  ━━━━━━━━━━━━━━

  i This fragment is unnecessary.
  
    27 │           className={cn(buttonVariants({ variant: "ghost" }), "absolute left-4 top-4 md:left-8 md:top-8")}
    28 │         >
  > 29 │           <>
       │           ^^
  > 30 │             <Icons.chevronLeft className="mr-2 h-4 w-4" />
  > 31 │             Back
  > 32 │           </>
       │           ^^^
    33 │         </Link>
    34 │         <div className="mx-auto flex w-full flex-col justify-center space-y-6 sm:w-[350px]">
  
  i A fragment is redundant if it contains only one child, or if it is the child of a html element, and is not a keyed fragment.
  
  i Unsafe fix: Remove the Fragment
  
    27 27 │             className={cn(buttonVariants({ variant: "ghost" }), "absolute left-4 top-4 md:left-8 md:top-8")}
    28 28 │           >
    29    │ - ··········<>
       29 │ + ··········
    30 30 │               <Icons.chevronLeft className="mr-2 h-4 w-4" />
    31 31 │               Back
    32    │ - ··········</>
       32 │ + ··········
    33 33 │           </Link>
    34 34 │           <div className="mx-auto flex w-full flex-col justify-center space-y-6 sm:w-[350px]">
  

apps/web/app/(auth)/layout.tsx:1:8 lint/correctness/noUnusedImports  FIXABLE  ━━━━━━━━━━━━━━━━━━━━━━

  ! This import is unused.
  
  > 1 │ import { ThemeProvider } from "@/components/theme-provider";
      │        ^^^^^^^^^^^^^^^^^
    2 │ 
    3 │ interface AuthLayoutProps {
  
  i Unused imports might be the result of an incomplete refactoring.
  
  i Unsafe fix: Remove the unused imports.
  
    1 │ import·{·ThemeProvider·}·from·"@/components/theme-provider";
      │ ------------------------------------------------------------

apps/web/app/(dashboard)/dashboard/page.tsx:92:16 lint/correctness/noUnusedImports  FIXABLE  ━━━━━━━━━━

  ! Several of these imports are unused.
  
    91 │ import { Button } from "@spht/ui/button";
  > 92 │ import { Card, CardContent, CardDescription, CardFooter, CardHeader, CardTitle } from "@spht/ui/card";
       │                ^^^^^^^^^^^^^^^^^^^^^^^^^^^^^^^^^^^^^^^^
    93 │ import { Input } from "@spht/ui/input";
    94 │ import { Label } from "@spht/ui/label";
  
  i Unused imports might be the result of an incomplete refactoring.
  
  i Unsafe fix: Remove the unused imports.
  
    92 │ import·{·Card,·CardContent,·CardDescription,·CardFooter,·CardHeader,·CardTitle·}·from·"@spht/ui/card";
       │                -------------                 ------------                                             

apps/web/app/(dashboard)/dashboard/page.tsx:97:10 lint/correctness/noUnusedImports  FIXABLE  ━━━━━━━━━━

  ! Several of these imports are unused.
  
    95 │ import { cn } from "@spht/utils";
    96 │ import axios from "axios";
  > 97 │ import { useEffect, useState } from "react";
       │          ^^^^^^^^^
    98 │ 
    99 │ function DashboardPage() {
  
  i Unused imports might be the result of an incomplete refactoring.
  
  i Unsafe fix: Remove the unused imports.
  
    97 │ import·{·useEffect,·useState·}·from·"react";
       │          -----------                        

apps/web/app/(dashboard)/dashboard/page.tsx:100:10 lint/correctness/noUnusedVariables  FIXABLE  ━━━━━━━━━━

  ! This variable hasPaid is unused.
  
     99 │ function DashboardPage() {
  > 100 │   const [hasPaid, setHasPaid] = useState(false);
        │          ^^^^^^^
    101 │   const [tag, setTag] = useState("");
    102 │   const [quotes, setQuotes] = useState([]);
  
  i Unused variables are often the result of typos, incomplete refactors, or other sources of bugs.
  
  i Unsafe fix: If this is intentional, prepend hasPaid with an underscore.
  
     98  98 │   
     99  99 │   function DashboardPage() {
    100     │ - ··const·[hasPaid,·setHasPaid]·=·useState(false);
        100 │ + ··const·[_hasPaid,·setHasPaid]·=·useState(false);
    101 101 │     const [tag, setTag] = useState("");
    102 102 │     const [quotes, setQuotes] = useState([]);
  

apps/web/app/(dashboard)/dashboard/page.tsx:100:19 lint/correctness/noUnusedVariables  FIXABLE  ━━━━━━━━━━

  ! This variable setHasPaid is unused.
  
     99 │ function DashboardPage() {
  > 100 │   const [hasPaid, setHasPaid] = useState(false);
        │                   ^^^^^^^^^^
    101 │   const [tag, setTag] = useState("");
    102 │   const [quotes, setQuotes] = useState([]);
  
  i Unused variables are often the result of typos, incomplete refactors, or other sources of bugs.
  
  i Unsafe fix: If this is intentional, prepend setHasPaid with an underscore.
  
     98  98 │   
     99  99 │   function DashboardPage() {
    100     │ - ··const·[hasPaid,·setHasPaid]·=·useState(false);
        100 │ + ··const·[hasPaid,·_setHasPaid]·=·useState(false);
    101 101 │     const [tag, setTag] = useState("");
    102 102 │     const [quotes, setQuotes] = useState([]);
  

apps/web/app/(dashboard)/dashboard/page.tsx:106:9 lint/correctness/noUnusedVariables  FIXABLE  ━━━━━━━━━━

  ! This variable handleCheckout is unused.
  
    105 │   // useEffect(() => {
  > 106 │   const handleCheckout = async () => {
        │         ^^^^^^^^^^^^^^
    107 │     // Call your API endpoint to create a checkout session
    108 │     const res = await fetch("/api/checkout", {
  
  i Unused variables are often the result of typos, incomplete refactors, or other sources of bugs.
  
  i Unsafe fix: If this is intentional, prepend handleCheckout with an underscore.
  
    104 104 │   
    105 105 │     // useEffect(() => {
    106     │ - ··const·handleCheckout·=·async·()·=>·{
        106 │ + ··const·_handleCheckout·=·async·()·=>·{
    107 107 │       // Call your API endpoint to create a checkout session
    108 108 │       const res = await fetch("/api/checkout", {
  

apps/web/app/(marketing)/hero/page.tsx:2:8 lint/correctness/noUnusedImports  FIXABLE  ━━━━━━━━━━━━━━

  ! This import is unused.
  
    1 │ import { buttonVariants } from "@spht/ui/button";
  > 2 │ import BlurIn from "@spht/ui/magicui/blur-in";
      │        ^^^^^^
    3 │ import { BorderBeam } from "@spht/ui/magicui/border-beam";
    4 │ import ShineBorder from "@spht/ui/magicui/shine-border";
  
  i Unused imports might be the result of an incomplete refactoring.
  
  i Unsafe fix: Remove the unused imports.
  
     1  1 │   import { buttonVariants } from "@spht/ui/button";
     2    │ - import·BlurIn·from·"@spht/ui/magicui/blur-in";
     3  2 │   import { BorderBeam } from "@spht/ui/magicui/border-beam";
     4  3 │   import ShineBorder from "@spht/ui/magicui/shine-border";
  

apps/web/app/(marketing)/page.tsx:1:8 lint/correctness/noUnusedImports  FIXABLE  ━━━━━━━━━━━━━━━━━━━

  ! This import is unused.
  
  > 1 │ import { Button } from "@spht/ui/button";
      │        ^^^^^^^^^^
    2 │ import { MainNav } from "@/components/main-nav";
    3 │ import { ModeToggle } from "@/components/toggle";
  
  i Unused imports might be the result of an incomplete refactoring.
  
  i Unsafe fix: Remove the unused imports.
  
    1 │ import·{·Button·}·from·"@spht/ui/button";
      │ -----------------------------------------

apps/web/app/(marketing)/page.tsx:2:8 lint/correctness/noUnusedImports  FIXABLE  ━━━━━━━━━━━━━━━━━━━

  ! This import is unused.
  
    1 │ import { Button } from "@spht/ui/button";
  > 2 │ import { MainNav } from "@/components/main-nav";
      │        ^^^^^^^^^^^
    3 │ import { ModeToggle } from "@/components/toggle";
    4 │ import HeroPage from "./hero/page";
  
  i Unused imports might be the result of an incomplete refactoring.
  
  i Unsafe fix: Remove the unused imports.
  
    1 1 │   import { Button } from "@spht/ui/button";
    2   │ - import·{·MainNav·}·from·"@/components/main-nav";
    3 2 │   import { ModeToggle } from "@/components/toggle";
    4 3 │   import HeroPage from "./hero/page";
  

apps/web/app/(marketing)/page.tsx:3:8 lint/correctness/noUnusedImports  FIXABLE  ━━━━━━━━━━━━━━━━━━━

  ! This import is unused.
  
    1 │ import { Button } from "@spht/ui/button";
    2 │ import { MainNav } from "@/components/main-nav";
  > 3 │ import { ModeToggle } from "@/components/toggle";
      │        ^^^^^^^^^^^^^^
    4 │ import HeroPage from "./hero/page";
    5 │ 
  
  i Unused imports might be the result of an incomplete refactoring.
  
  i Unsafe fix: Remove the unused imports.
  
    1 1 │   import { Button } from "@spht/ui/button";
    2 2 │   import { MainNav } from "@/components/main-nav";
    3   │ - import·{·ModeToggle·}·from·"@/components/toggle";
    4 3 │   import HeroPage from "./hero/page";
    5 4 │   
  

apps/web/app/(marketing)/pricing/page.tsx:3:8 lint/correctness/noUnusedImports  FIXABLE  ━━━━━━━━━━━

  ! This import is unused.
  
    1 │ "use client";
    2 │ 
  > 3 │ import { buttonVariants } from "@spht/ui/button";
      │        ^^^^^^^^^^^^^^^^^^
    4 │ import ShinyButton from "@spht/ui/magicui/shiny-button";
    5 │ import { cn } from "@spht/utils";
  
  i Unused imports might be the result of an incomplete refactoring.
  
  i Unsafe fix: Remove the unused imports.
  
     1  1 │   "use client";
     2    │ - 
     3    │ - import·{·buttonVariants·}·from·"@spht/ui/button";
        2 │ + 
     4  3 │   import ShinyButton from "@spht/ui/magicui/shiny-button";
     5  4 │   import { cn } from "@spht/utils";
  

apps/web/app/(marketing)/pricing/page.tsx:5:8 lint/correctness/noUnusedImports  FIXABLE  ━━━━━━━━━━━

  ! This import is unused.
  
    3 │ import { buttonVariants } from "@spht/ui/button";
    4 │ import ShinyButton from "@spht/ui/magicui/shiny-button";
  > 5 │ import { cn } from "@spht/utils";
      │        ^^^^^^
    6 │ import Link from "next/link";
    7 │ import { useRouter } from "next/navigation";
  
  i Unused imports might be the result of an incomplete refactoring.
  
  i Unsafe fix: Remove the unused imports.
  
     3  3 │   import { buttonVariants } from "@spht/ui/button";
     4  4 │   import ShinyButton from "@spht/ui/magicui/shiny-button";
     5    │ - import·{·cn·}·from·"@spht/utils";
     6  5 │   import Link from "next/link";
     7  6 │   import { useRouter } from "next/navigation";
  

apps/web/app/(marketing)/pricing/page.tsx:7:8 lint/correctness/noUnusedImports  FIXABLE  ━━━━━━━━━━━

  ! This import is unused.
  
    5 │ import { cn } from "@spht/utils";
    6 │ import Link from "next/link";
  > 7 │ import { useRouter } from "next/navigation";
      │        ^^^^^^^^^^^^^
    8 │ import { Icons } from "@/components/more-icons";
    9 │ 
  
  i Unused imports might be the result of an incomplete refactoring.
  
  i Unsafe fix: Remove the unused imports.
  
     5  5 │   import { cn } from "@spht/utils";
     6  6 │   import Link from "next/link";
     7    │ - import·{·useRouter·}·from·"next/navigation";
     8  7 │   import { Icons } from "@/components/more-icons";
     9  8 │   
  

apps/web/components/loggedin-nav.tsx:5:3 lint/correctness/noUnusedImports  FIXABLE  ━━━━━━━━━━━━━━━━

  ! Several of these imports are unused.
  
     3 │ import { Badge } from "@spht/ui/badge";
     4 │ import {
   > 5 │   NavigationMenu,
       │   ^^^^^^^^^^^^^^^
   > 6 │   NavigationMenuContent,
        ...
  > 10 │   NavigationMenuTrigger,
  > 11 │   navigationMenuTriggerStyle,
       │   ^^^^^^^^^^^^^^^^^^^^^^^^^^
    12 │ } from "@spht/ui/navigation-menu";
    13 │ 
  
  i Unused imports might be the result of an incomplete refactoring.
  
  i Unsafe fix: Remove the unused imports.
  
      3   3 │   import { Badge } from "@spht/ui/badge";
      4   4 │   import {
      5     │ - ··NavigationMenu,
      6     │ - ··NavigationMenuContent,
      7     │ - ··NavigationMenuItem,
      8   5 │     NavigationMenuLink,
      9     │ - ··NavigationMenuList,
     10     │ - ··NavigationMenuTrigger,
     11     │ - ··navigationMenuTriggerStyle,
     12   6 │   } from "@spht/ui/navigation-menu";
     13   7 │   
  

apps/web/components/loggedin-nav.tsx:18:8 lint/correctness/noUnusedImports  FIXABLE  ━━━━━━━━━━━━━━━

  ! This import is unused.
  
    16 │ import * as React from "react";
    17 │ import { Icons } from "@/components/icons";
  > 18 │ import { ModeToggle } from "./toggle";
       │        ^^^^^^^^^^^^^^
    19 │ 
    20 │ const components: { title: string; href: string; description: string }[] = [
  
  i Unused imports might be the result of an incomplete refactoring.
  
  i Unsafe fix: Remove the unused imports.
  
     16  16 │   import * as React from "react";
     17  17 │   import { Icons } from "@/components/icons";
     18     │ - import·{·ModeToggle·}·from·"./toggle";
     19  18 │   
     20  19 │   const components: { title: string; href: string; description: string }[] = [
  

apps/web/components/loggedin-nav.tsx:20:7 lint/correctness/noUnusedVariables  FIXABLE  ━━━━━━━━━━━━━

  ! This variable components is unused.
  
    18 │ import { ModeToggle } from "./toggle";
    19 │ 
  > 20 │ const components: { title: string; href: string; description: string }[] = [
       │       ^^^^^^^^^^
    21 │   {
    22 │     title: "Alert Dialog",
  
  i Unused variables are often the result of typos, incomplete refactors, or other sources of bugs.
  
  i Unsafe fix: If this is intentional, prepend components with an underscore.
  
     18  18 │   import { ModeToggle } from "./toggle";
     19  19 │   
     20     │ - const·components:·{·title:·string;·href:·string;·description:·string·}[]·=·[
         20 │ + const·_components:·{·title:·string;·href:·string;·description:·string·}[]·=·[
     21  21 │     {
     22  22 │       title: "Alert Dialog",
  

apps/web/components/mobile-nav.tsx:3:8 lint/correctness/noUnusedImports  FIXABLE  ━━━━━━━━━━━━━━━━━━

  ! This import is unused.
  
    1 │ "use client";
    2 │ 
  > 3 │ import { Button } from "@spht/ui/button";
      │        ^^^^^^^^^^
    4 │ import { ScrollArea } from "@spht/ui/scroll-area";
    5 │ import { Sheet, SheetContent, SheetDescription, SheetHeader, SheetTitle, SheetTrigger } from "@spht/ui/sheet";
  
  i Unused imports might be the result of an incomplete refactoring.
  
  i Unsafe fix: Remove the unused imports.
  
     1  1 │   "use client";
     2    │ - 
     3    │ - import·{·Button·}·from·"@spht/ui/button";
        2 │ + 
     4  3 │   import { ScrollArea } from "@spht/ui/scroll-area";
     5  4 │   import { Sheet, SheetContent, SheetDescription, SheetHeader, SheetTitle, SheetTrigger } from "@spht/ui/sheet";
  

apps/web/components/mobile-nav.tsx:4:8 lint/correctness/noUnusedImports  FIXABLE  ━━━━━━━━━━━━━━━━━━

  ! This import is unused.
  
    3 │ import { Button } from "@spht/ui/button";
  > 4 │ import { ScrollArea } from "@spht/ui/scroll-area";
      │        ^^^^^^^^^^^^^^
    5 │ import { Sheet, SheetContent, SheetDescription, SheetHeader, SheetTitle, SheetTrigger } from "@spht/ui/sheet";
    6 │ import { cn } from "@spht/utils";
  
  i Unused imports might be the result of an incomplete refactoring.
  
  i Unsafe fix: Remove the unused imports.
  
     2  2 │   
     3  3 │   import { Button } from "@spht/ui/button";
     4    │ - import·{·ScrollArea·}·from·"@spht/ui/scroll-area";
     5  4 │   import { Sheet, SheetContent, SheetDescription, SheetHeader, SheetTitle, SheetTrigger } from "@spht/ui/sheet";
     6  5 │   import { cn } from "@spht/utils";
  

Skipped 69 suggested fixes.
If you wish to apply the suggested (unsafe) fixes, use the command biome check --write --unsafe

The number of diagnostics exceeds the limit allowed. Use --max-diagnostics to increase it.
Diagnostics not shown: 14.
Checked 90 files in 339ms. Fixed 67 files.
Found 1 error.
Found 31 warnings.
Found 2 infos.
check ━━━━━━━━━━━━━━━━━━━━━━━━━━━━━━━━━━━━━━━━━━━━━━━━━━━━━━━━━━━━━━━━━━━━━━━━━━━━━━━━━━━━━━━━━━━━━━

  × Some errors were emitted while applying fixes.
  

[ELIFECYCLE] Command failed with exit code 1.
